[backblue.gif]
[fade.gif]
[index.html]
[connect.facebook.net/en_US/fbevents.js]
[www.cathaylife.com.tw/oc/OCWeb/html/CM/js/CelebrusInsert.js]
[www.cathaylife.com.tw/ts/web/ext/pages/onlineExclusive/icarry/Content/img/common/logo199a.png]
[www.cathaylife.com.tw/ts/web/ext/pages/onlineExclusive/icarry/Content/img/sheet/gift-arrow.png]
[www.cathaylife.com.tw/ts/web/ext/pages/onlineExclusive/icarry/Content/img/sheet/gift-m-detail.png]
[www.cathaylife.com.tw/ts/web/ext/pages/onlineExclusive/icarry/Content/img/chart/11199a.png]
[www.cathaylife.com.tw/ts/web/ext/pages/onlineExclusive/icarry/Content/img/chart/10199a.png]
[www.cathaylife.com.tw/ts/web/ext/pages/onlineExclusive/icarry/Content/img/chart/9199a.png]
[www.cathaylife.com.tw/ts/web/ext/pages/onlineExclusive/icarry/Content/img/chart/8199a.png]
[www.cathaylife.com.tw/ts/web/ext/pages/onlineExclusive/icarry/Content/img/chart/7199a.png]
[www.cathaylife.com.tw/ts/web/ext/pages/onlineExclusive/icarry/Content/img/chart/6199a.png]
[www.cathaylife.com.tw/ts/web/ext/pages/onlineExclusive/icarry/Content/img/chart/5199a.png]
[www.cathaylife.com.tw/ts/web/ext/pages/onlineExclusive/icarry/Content/img/chart/4199a.png]
[www.cathaylife.com.tw/ts/web/ext/pages/onlineExclusive/icarry/Content/img/chart/3199a.png]
[www.cathaylife.com.tw/ts/web/ext/pages/onlineExclusive/icarry/Content/img/chart/2199a.png]
[www.cathaylife.com.tw/ts/web/ext/pages/onlineExclusive/icarry/Content/img/chart/1199a.png]
[www.cathaylife.com.tw/ts/web/ext/pages/onlineExclusive/icarry/Content/img/sheet/sheet-1.png]
[www.cathaylife.com.tw/ts/web/ext/pages/onlineExclusive/icarry/Content/img/sheet/sheet-1-icon.png]
[www.cathaylife.com.tw/ts/web/ext/pages/onlineExclusive/icarry/Content/img/sheet/sheet-2.png]
[www.cathaylife.com.tw/ts/web/ext/pages/onlineExclusive/icarry/Content/img/sheet/sheet-2-icon.png]
[www.cathaylife.com.tw/ts/web/ext/pages/onlineExclusive/icarry/Content/img/sheet/sheet-icon-wound.png]
[www.cathaylife.com.tw/ts/web/ext/pages/onlineExclusive/icarry/Content/img/sheet/sheet-icon-umbrella.png]
[www.cathaylife.com.tw/ts/web/ext/pages/onlineExclusive/icarry/Content/img/sheet/sheet-icon-hold-gray.png]
[www.cathaylife.com.tw/ts/web/ext/pages/onlineExclusive/icarry/Content/img/sheet/sheet-icon-shield.png]
[www.cathaylife.com.tw/ts/web/ext/pages/onlineExclusive/icarry/Content/img/sheet/sheet-icon-bone-gray.png]
[www.cathaylife.com.tw/ts/web/ext/pages/onlineExclusive/icarry/Content/img/sheet/sheet-icon-bus.png]
[www.cathaylife.com.tw/ts/web/ext/pages/onlineExclusive/icarry/Content/img/sheet/sheet-icon-bone.png]
[www.cathaylife.com.tw/ts/web/ext/pages/onlineExclusive/icarry/Content/img/sheet/sheet-3.png]
[www.cathaylife.com.tw/ts/web/ext/pages/onlineExclusive/icarry/Content/img/sheet/sheet-3-icon.png]
[www.cathaylife.com.tw/ts/web/ext/pages/onlineExclusive/icarry/Content/img/sheet/sheet-4.png]
[www.cathaylife.com.tw/ts/web/ext/pages/onlineExclusive/icarry/Content/img/sheet/sheet-4-icon.png]
[www.cathaylife.com.tw/ts/web/ext/pages/onlineExclusive/icarry/Content/img/sheet/sheet-icon-scooter.png]
[www.cathaylife.com.tw/ts/web/ext/pages/onlineExclusive/icarry/Content/img/sheet/sheet-icon-holiday.png]
[www.cathaylife.com.tw/ts/web/ext/pages/onlineExclusive/icarry/Content/img/sheet/sheet-honestbee.png]
[www.cathaylife.com.tw/ts/web/ext/pages/onlineExclusive/icarry/Content/img/sheet/sheet-kiwi.png]
[www.cathaylife.com.tw/ts/web/ext/pages/onlineExclusive/icarry/Content/img/sheet/sheet-wemo.png]
[www.cathaylife.com.tw/ts/web/ext/pages/onlineExclusive/icarry/Content/img/sheet/sheet-uber.png]
[www.cathaylife.com.tw/ts/web/ext/pages/onlineExclusive/icarry/Content/img/product/product-img1.jpg]
[www.cathaylife.com.tw/ts/web/ext/pages/onlineExclusive/icarry/Content/img/product/product-img2.jpg]
[www.cathaylife.com.tw/ts/web/ext/pages/onlineExclusive/icarry/Content/img/product/product-img3.jpg]
[www.cathaylife.com.tw/ts/web/ext/pages/onlineExclusive/icarry/Content/img/sheet/insure-btn-arrow.png]
[www.cathaylife.com.tw/ts/web/ext/pages/onlineExclusive/icarry/Content/img/index/example-1199a.png]
[www.cathaylife.com.tw/ts/web/ext/pages/onlineExclusive/icarry/Content/img/index/example-2199a.png]
[www.cathaylife.com.tw/ts/web/ext/pages/onlineExclusive/icarry/Content/img/not-support/chrome237d.png]
[www.cathaylife.com.tw/ts/web/ext/pages/onlineExclusive/icarry/Content/img/not-support/firefox237d.png]
[www.cathaylife.com.tw/ts/web/ext/pages/onlineExclusive/icarry/Content/img/not-support/ie237d.png]
[www.cathaylife.com.tw/ts/web/ext/pages/onlineExclusive/icarry/Content/img/not-support/safari237d.png]
[bat.bing.com/bat.js]
[www.cathaylife.com.tw/ts/web/ext/pages/onlineExclusive/icarry/Views/Home/Index.html]
[www.cathaylife.com.tw/ts/web/ext/pages/onlineExclusive/icarry/Content/img/common/select87d8.png]
[www.cathaylife.com.tw/ts/web/ext/pages/onlineExclusive/icarry/Content/img/common/select-disabled87d8.png]
[www.cathaylife.com.tw/ts/web/ext/pages/onlineExclusive/icarry/Content/css/page.css]
[www.cathaylife.com.tw/ts/web/ext/pages/onlineExclusive/icarry/Content/css/stylea342.css]
[www.cathaylife.com.tw/ts/web/ext/pages/onlineExclusive/icarry/Scripts/plugin/owl.carousel/owl.carousel.mina342.css]
[www.cathaylife.com.tw/ts/web/ext/pages/onlineExclusive/icarry/Scripts/plugin/sugarfunbox/sugarfunbox.mina342.css]
[www.cathaylife.com.tw/ts/web/ext/pages/onlineExclusive/icarry/Content/img/index/kv72b5.jpg]
[www.cathaylife.com.tw/ts/web/ext/pages/onlineExclusive/icarry/Content/img/index/bg-12dcc.jpg]
[www.cathaylife.com.tw/ts/web/ext/pages/onlineExclusive/icarry/Content/img/common/select5a6e.png]
[www.cathaylife.com.tw/ts/web/ext/pages/onlineExclusive/icarry/Content/img/common/select-disabled092a.png]
[www.cathaylife.com.tw/ts/web/ext/pages/onlineExclusive/icarry/Content/img/sheet/gift.png]
[www.cathaylife.com.tw/ts/web/ext/pages/onlineExclusive/icarry/Content/img/sheet/sheet-bg.jpg]
[www.cathaylife.com.tw/ts/web/ext/pages/onlineExclusive/icarry/Content/img/sheet/insure-bridge.png]
[www.cathaylife.com.tw/ts/web/ext/pages/onlineExclusive/icarry/Content/img/sheet/insure-bridge-small.png]
[www.cathaylife.com.tw/ts/web/ext/pages/onlineExclusive/icarry/Content/img/sheet/gift-m.png]
[www.cathaylife.com.tw/ts/web/ext/pages/onlineExclusive/icarry/Content/img/sheet/insure-bridge-m.png]
[www.cathaylife.com.tw/ts/web/ext/pages/onlineExclusive/icarry/Content/css/indexa342.css]
[www.cathaylife.com.tw/ts/web/ext/pages/onlineExclusive/icarry/jscdn.appier.net/js/rt-ext/track-ext-a.html]
[connect.facebook.net/en_US/fbevents.js]
[www.cathaylife.com.tw/ts/web/ext/pages/onlineExclusive/icarry/Views/Home/count.html]
[www.cathaylife.com.tw/ts/web/ext/pages/onlineExclusive/icarry/Views/Home/product.html]
[www.cathaylife.com.tw/ts/web/ext/pages/onlineExclusive/icarry/Scripts/js/trackinged94.js]
[www.cathaylife.com.tw/ts/web/ext/pages/onlineExclusive/icarry/Scripts/plugin/jquery/jquery.mined94.js]
[s.ytimg.com/yts/jsbin/www-widgetapi-vfl_Bhgrs/www-widgetapi.js]
[www.cathaylife.com.tw/ts/web/ext/pages/onlineExclusive/icarry/Scripts/js/factoryed94.js]
[www.cathaylife.com.tw/ts/web/ext/pages/onlineExclusive/icarry/Scripts/js/commoned94.js]
[www.cathaylife.com.tw/ts/web/ext/pages/onlineExclusive/icarry/Scripts/js/new.js]
[jscdn.appier.net/aa5445.js]
[www.cathaylife.com.tw/ts/web/ext/pages/onlineExclusive/icarry/Scripts/plugin/owl.carousel/owl.carousel.mined94.js]
[www.cathaylife.com.tw/ts/web/ext/pages/onlineExclusive/icarry/Scripts/plugin/sugarfunbox/sugarfunbox.mined94.js]
[www.cathaylife.com.tw/ts/web/ext/pages/onlineExclusive/js/goWI.js]
[www.cathaylife.com.tw/ts/web/ext/pages/onlineExclusive/icarry/Views/Home/IV_JCT=/ts; path=/index.html]
[www.cathaylife.com.tw/ts/web/ext/pages/onlineExclusive/icarry/Scripts/plugin/owl.carousel/owl.video.play.html]
[www.cathaylife.com.tw/ts/web/ext/pages/onlineExclusive/icarry/Views/Home/POST.html]
[www.cathaylife.com.tw/ts/web/ext/pages/onlineExclusive/icarry/Content/css/pagea342.css]
[www.cathaylife.com.tw/ts/web/ext/pages/onlineExclusive/icarry/Scripts/js/jobed94.js]
[www.cathaylife.com.tw/ts/web/ext/pages/onlineExclusive/icarry/Content/css/index.css]
[www.cathaylife.com.tw/ts/web/ext/pages/onlineExclusive/icarry/Views/Home/index-2.html]
[www.cathaylife.com.tw/ts/web/ext/pages/onlineExclusive/icarry/Views/Home/faq.html]
[www.cathaylife.com.tw/ts/web/ext/pages/onlineExclusive/icarry/Views/Home/gift.html]
[www.cathaylife.com.tw/ts/web/ext/pages/onlineExclusive/icarry/Views/Home/travel/ta.html]
[www.cathaylife.com.tw/ts/web/ext/pages/onlineExclusive/icarry/Views/Home/travel/rule.html]
[www.cathaylife.com.tw/ts/web/ext/pages/onlineExclusive/icarry/Views/Home/case-study.html]
[www.cathaylife.com.tw/ts/web/ext/pages/onlineExclusive/icarry/Views/Home/ta.html]
[www.cathaylife.com.tw/ts/web/ext/pages/onlineExclusive/icarry/Views/Home/rule.html]
[www.cathaylife.com.tw/ts/web/ext/pages/onlineExclusive/icarry/Views/Home/ta-2.html]
[www.cathaylife.com.tw/ts/web/ext/pages/onlineExclusive/icarry/Views/Home/one-day-travel/ta.html]
[www.cathaylife.com.tw/ts/web/ext/pages/onlineExclusive/icarry/Views/Home/one-day-travel/rule.html]
[www.cathaylife.com.tw/ts/web/ext/pages/onlineExclusive/icarry/Views/Home/knowledge.html]
[www.cathaylife.com.tw/ts/web/ext/pages/onlineExclusive/icarry/Views/Home/qualification.html]
[www.cathaylife.com.tw/ts/web/ext/pages/onlineExclusive/icarry/Views/Home/rules.html]
